// Jest Snapshot v1, https://goo.gl/fbAQLP

exports[`Cycle calls setIndex when left button is clicked 1`] = `
<div
  className="cycle"
>
  <button
    className=""
    disabled={false}
    onClick={[Function]}
    title=""
    type="button"
  >
    &lt;
  </button>
  6
   / 
  10
  <button
    className=""
    disabled={false}
    onClick={[Function]}
    title=""
    type="button"
  >
    &gt;
  </button>
</div>
`;

exports[`Cycle calls setIndex when right button is clicked 1`] = `
<div
  className="cycle"
>
  <button
    className=""
    disabled={false}
    onClick={[Function]}
    title=""
    type="button"
  >
    &lt;
  </button>
  6
   / 
  10
  <button
    className=""
    disabled={false}
    onClick={[Function]}
    title=""
    type="button"
  >
    &gt;
  </button>
</div>
`;

exports[`Cycle create a Cycle component 1`] = `
<div
  className="cycle"
>
  <button
    className=""
    disabled={false}
    onClick={[Function]}
    title=""
    type="button"
  >
    &lt;
  </button>
  1
   / 
  10
  <button
    className=""
    disabled={false}
    onClick={[Function]}
    title=""
    type="button"
  >
    &gt;
  </button>
</div>
`;
